../Drivers/STM32L4xx_HAL_Driver/Src/stm32l4xx_hal.c:225:13:HAL_MspInit	0	static
../Drivers/STM32L4xx_HAL_Driver/Src/stm32l4xx_hal.c:236:13:HAL_MspDeInit	0	static
../Drivers/STM32L4xx_HAL_Driver/Src/stm32l4xx_hal.c:196:19:HAL_DeInit	8	static
../Drivers/STM32L4xx_HAL_Driver/Src/stm32l4xx_hal.c:259:26:HAL_InitTick	16	static
../Drivers/STM32L4xx_HAL_Driver/Src/stm32l4xx_hal.c:152:19:HAL_Init	8	static
../Drivers/STM32L4xx_HAL_Driver/Src/stm32l4xx_hal.c:327:13:HAL_IncTick	0	static
../Drivers/STM32L4xx_HAL_Driver/Src/stm32l4xx_hal.c:342:17:HAL_GetTick	0	static
../Drivers/STM32L4xx_HAL_Driver/Src/stm32l4xx_hal.c:351:10:HAL_GetTickPrio	0	static
../Drivers/STM32L4xx_HAL_Driver/Src/stm32l4xx_hal.c:361:19:HAL_SetTickFreq	16	static
../Drivers/STM32L4xx_HAL_Driver/Src/stm32l4xx_hal.c:391:21:HAL_GetTickFreq	0	static
../Drivers/STM32L4xx_HAL_Driver/Src/stm32l4xx_hal.c:407:13:HAL_Delay	16	static
../Drivers/STM32L4xx_HAL_Driver/Src/stm32l4xx_hal.c:433:13:HAL_SuspendTick	0	static
../Drivers/STM32L4xx_HAL_Driver/Src/stm32l4xx_hal.c:449:13:HAL_ResumeTick	0	static
../Drivers/STM32L4xx_HAL_Driver/Src/stm32l4xx_hal.c:459:10:HAL_GetHalVersion	0	static
../Drivers/STM32L4xx_HAL_Driver/Src/stm32l4xx_hal.c:468:10:HAL_GetREVID	0	static
../Drivers/STM32L4xx_HAL_Driver/Src/stm32l4xx_hal.c:477:10:HAL_GetDEVID	0	static
../Drivers/STM32L4xx_HAL_Driver/Src/stm32l4xx_hal.c:486:10:HAL_GetUIDw0	0	static
../Drivers/STM32L4xx_HAL_Driver/Src/stm32l4xx_hal.c:495:10:HAL_GetUIDw1	0	static
../Drivers/STM32L4xx_HAL_Driver/Src/stm32l4xx_hal.c:504:10:HAL_GetUIDw2	0	static
../Drivers/STM32L4xx_HAL_Driver/Src/stm32l4xx_hal.c:533:6:HAL_DBGMCU_EnableDBGSleepMode	0	static
../Drivers/STM32L4xx_HAL_Driver/Src/stm32l4xx_hal.c:542:6:HAL_DBGMCU_DisableDBGSleepMode	0	static
../Drivers/STM32L4xx_HAL_Driver/Src/stm32l4xx_hal.c:551:6:HAL_DBGMCU_EnableDBGStopMode	0	static
../Drivers/STM32L4xx_HAL_Driver/Src/stm32l4xx_hal.c:560:6:HAL_DBGMCU_DisableDBGStopMode	0	static
../Drivers/STM32L4xx_HAL_Driver/Src/stm32l4xx_hal.c:569:6:HAL_DBGMCU_EnableDBGStandbyMode	0	static
../Drivers/STM32L4xx_HAL_Driver/Src/stm32l4xx_hal.c:578:6:HAL_DBGMCU_DisableDBGStandbyMode	0	static
../Drivers/STM32L4xx_HAL_Driver/Src/stm32l4xx_hal.c:611:6:HAL_SYSCFG_SRAM2Erase	0	static
../Drivers/STM32L4xx_HAL_Driver/Src/stm32l4xx_hal.c:630:6:HAL_SYSCFG_EnableMemorySwappingBank	0	static
../Drivers/STM32L4xx_HAL_Driver/Src/stm32l4xx_hal.c:645:6:HAL_SYSCFG_DisableMemorySwappingBank	0	static
../Drivers/STM32L4xx_HAL_Driver/Src/stm32l4xx_hal.c:662:6:HAL_SYSCFG_VREFBUF_VoltageScalingConfig	0	static
../Drivers/STM32L4xx_HAL_Driver/Src/stm32l4xx_hal.c:678:6:HAL_SYSCFG_VREFBUF_HighImpedanceConfig	0	static
../Drivers/STM32L4xx_HAL_Driver/Src/stm32l4xx_hal.c:690:6:HAL_SYSCFG_VREFBUF_TrimmingConfig	0	static
../Drivers/STM32L4xx_HAL_Driver/Src/stm32l4xx_hal.c:702:19:HAL_SYSCFG_EnableVREFBUF	16	static
../Drivers/STM32L4xx_HAL_Driver/Src/stm32l4xx_hal.c:728:6:HAL_SYSCFG_DisableVREFBUF	0	static
../Drivers/STM32L4xx_HAL_Driver/Src/stm32l4xx_hal.c:739:6:HAL_SYSCFG_EnableIOAnalogSwitchBooster	0	static
../Drivers/STM32L4xx_HAL_Driver/Src/stm32l4xx_hal.c:749:6:HAL_SYSCFG_DisableIOAnalogSwitchBooster	0	static
